#
# There is insufficient memory for the Java Runtime Environment to continue.
# Native memory allocation (malloc) failed to allocate 1659536 bytes. Error detail: Chunk::new
# Possible reasons:
#   The system is out of physical RAM or swap space
#   This process is running with CompressedOops enabled, and the Java Heap may be blocking the growth of the native heap
# Possible solutions:
#   Reduce memory load on the system
#   Increase physical memory or swap space
#   Check if swap backing store is full
#   Decrease Java heap size (-Xmx/-Xms)
#   Decrease number of Java threads
#   Decrease Java thread stack sizes (-Xss)
#   Set larger code cache with -XX:ReservedCodeCacheSize=
#   JVM is running with Unscaled Compressed Oops mode in which the Java heap is
#     placed in the first 4GB address space. The Java Heap base address is the
#     maximum limit for the native heap growth. Please use -XX:HeapBaseMinAddress
#     to set the Java Heap base and to place the Java Heap above 4GB virtual address.
# This output file may be truncated or incomplete.
#
#  Out of Memory Error (arena.cpp:168), pid=12676, tid=7460
#
# JRE version: OpenJDK Runtime Environment Temurin-21.0.9+10 (21.0.9+10) (build 21.0.9+10-LTS)
# Java VM: OpenJDK 64-Bit Server VM Temurin-21.0.9+10 (21.0.9+10-LTS, mixed mode, sharing, tiered, compressed oops, compressed class ptrs, parallel gc, windows-amd64)
# No core dump will be written. Minidumps are not enabled by default on client versions of Windows
#

---------------  S U M M A R Y ------------

Command Line: --add-modules=ALL-SYSTEM --add-opens=java.base/java.util=ALL-UNNAMED --add-opens=java.base/java.lang=ALL-UNNAMED --add-opens=java.base/sun.nio.fs=ALL-UNNAMED -Declipse.application=org.eclipse.jdt.ls.core.id1 -Dosgi.bundles.defaultStartLevel=4 -Declipse.product=org.eclipse.jdt.ls.core.product -Djava.import.generatesMetadataFilesAtProjectRoot=false -DDetectVMInstallationsJob.disabled=true -Dfile.encoding=utf8 -XX:+UseParallelGC -XX:GCTimeRatio=4 -XX:AdaptiveSizePolicyWeight=90 -Dsun.zip.disableMemoryMapping=true -Xmx2G -Xms100m -Xlog:disable -javaagent:c:\Users\JETT\.vscode\extensions\redhat.java-1.49.0-win32-x64\lombok\lombok-1.18.39-4050.jar -XX:+HeapDumpOnOutOfMemoryError -XX:HeapDumpPath=c:\Users\JETT\AppData\Roaming\Code\User\workspaceStorage\5353abae9399925f2fd4edeff7c47612\redhat.java -Daether.dependencyCollector.impl=bf c:\Users\JETT\.vscode\extensions\redhat.java-1.49.0-win32-x64\server\plugins\org.eclipse.equinox.launcher_1.7.100.v20251111-0406.jar -configuration c:\Users\JETT\AppData\Roaming\Code\User\globalStorage\redhat.java\1.49.0\config_win -data c:\Users\JETT\AppData\Roaming\Code\User\workspaceStorage\5353abae9399925f2fd4edeff7c47612\redhat.java\jdt_ws --pipe=\\.\pipe\lsp-4483facc3eb547f1cd6c6aaabe87c890-sock

Host: AMD Ryzen 5 4500U with Radeon Graphics         , 6 cores, 7G,  Windows 11 , 64 bit Build 26100 (10.0.26100.7019)
Time: Tue Nov 25 13:38:57 2025 Malay Peninsula Standard Time elapsed time: 4.825296 seconds (0d 0h 0m 4s)

---------------  T H R E A D  ---------------

Current thread (0x000002469c313dc0):  JavaThread "C2 CompilerThread1" daemon [_thread_in_native, id=7460, stack(0x00000081b3300000,0x00000081b3400000) (1024K)]


Current CompileTask:
C2:4825 4269   !   4       org.eclipse.osgi.internal.loader.classpath.ClasspathManager::findClassImpl (328 bytes)

Stack: [0x00000081b3300000,0x00000081b3400000]
Native frames: (J=compiled Java code, j=interpreted, Vv=VM code, C=native code)
V  [jvm.dll+0x6d6e29]
V  [jvm.dll+0x8b4b76]
V  [jvm.dll+0x8b712e]
V  [jvm.dll+0x8b7813]
V  [jvm.dll+0x283d86]
V  [jvm.dll+0xc66ed]
V  [jvm.dll+0xc6c31]
V  [jvm.dll+0x3be501]
V  [jvm.dll+0x38ab92]
V  [jvm.dll+0x389fda]
V  [jvm.dll+0x24bfa0]
V  [jvm.dll+0x24b580]
V  [jvm.dll+0x1cb13e]
V  [jvm.dll+0x25b29d]
V  [jvm.dll+0x25982a]
V  [jvm.dll+0x3f7ea6]
V  [jvm.dll+0x85e9ad]
V  [jvm.dll+0x6d565d]
C  [ucrtbase.dll+0x37b0]
C  [KERNEL32.DLL+0x2e8d7]
C  [ntdll.dll+0x8c53c]


---------------  P R O C E S S  ---------------

Threads class SMR info:
_java_thread_list=0x000002469f8e2bb0, length=35, elements={
0x000002463e4c1050, 0x000002463e3e6660, 0x000002463e3e9730, 0x000002463e3f3200,
0x000002463e3f5d90, 0x000002463e3f79c0, 0x000002463e404720, 0x000002463e42b080,
0x000002463e42d7c0, 0x000002469734aae0, 0x0000024697436540, 0x0000024697bd5b00,
0x0000024697ac6360, 0x0000024697a677a0, 0x0000024697ab0c40, 0x000002469c42b790,
0x000002469c4558d0, 0x000002469c4331f0, 0x000002469c645a30, 0x000002469c335a90,
0x000002469c336120, 0x000002469c313dc0, 0x000002469c3367b0, 0x000002469c334d70,
0x000002469c336e40, 0x000002469c3374d0, 0x000002469c337b60, 0x000002469c335400,
0x000002469c3346e0, 0x000002469f8e74b0, 0x000002469f8e7b40, 0x000002469f8e9580,
0x000002469f8e6790, 0x000002469f8e81d0, 0x000002469f8e8860
}

Java Threads: ( => current thread )
  0x000002463e4c1050 JavaThread "main"                              [_thread_in_vm, id=17880, stack(0x00000081b1600000,0x00000081b1700000) (1024K)]
  0x000002463e3e6660 JavaThread "Reference Handler"          daemon [_thread_blocked, id=16812, stack(0x00000081b1a00000,0x00000081b1b00000) (1024K)]
  0x000002463e3e9730 JavaThread "Finalizer"                  daemon [_thread_blocked, id=16532, stack(0x00000081b1b00000,0x00000081b1c00000) (1024K)]
  0x000002463e3f3200 JavaThread "Signal Dispatcher"          daemon [_thread_blocked, id=13420, stack(0x00000081b1c00000,0x00000081b1d00000) (1024K)]
  0x000002463e3f5d90 JavaThread "Attach Listener"            daemon [_thread_blocked, id=5088, stack(0x00000081b1d00000,0x00000081b1e00000) (1024K)]
  0x000002463e3f79c0 JavaThread "Service Thread"             daemon [_thread_blocked, id=8332, stack(0x00000081b1e00000,0x00000081b1f00000) (1024K)]
  0x000002463e404720 JavaThread "Monitor Deflation Thread"   daemon [_thread_blocked, id=6000, stack(0x00000081b1f00000,0x00000081b2000000) (1024K)]
  0x000002463e42b080 JavaThread "C2 CompilerThread0"         daemon [_thread_in_native, id=11340, stack(0x00000081b2000000,0x00000081b2100000) (1024K)]
  0x000002463e42d7c0 JavaThread "C1 CompilerThread0"         daemon [_thread_blocked, id=928, stack(0x00000081b2100000,0x00000081b2200000) (1024K)]
  0x000002469734aae0 JavaThread "Common-Cleaner"             daemon [_thread_blocked, id=12116, stack(0x00000081b2200000,0x00000081b2300000) (1024K)]
  0x0000024697436540 JavaThread "Notification Thread"        daemon [_thread_blocked, id=12380, stack(0x00000081b2400000,0x00000081b2500000) (1024K)]
  0x0000024697bd5b00 JavaThread "Active Thread: Equinox Container: 74b68fca-0051-4375-8a8c-8fce7d5dcb10"        [_thread_blocked, id=20504, stack(0x00000081b2a00000,0x00000081b2b00000) (1024K)]
  0x0000024697ac6360 JavaThread "Refresh Thread: Equinox Container: 74b68fca-0051-4375-8a8c-8fce7d5dcb10" daemon [_thread_blocked, id=7156, stack(0x00000081b2b00000,0x00000081b2c00000) (1024K)]
  0x0000024697a677a0 JavaThread "Framework Event Dispatcher: Equinox Container: 74b68fca-0051-4375-8a8c-8fce7d5dcb10" daemon [_thread_blocked, id=5376, stack(0x00000081b2c00000,0x00000081b2d00000) (1024K)]
  0x0000024697ab0c40 JavaThread "Start Level: Equinox Container: 74b68fca-0051-4375-8a8c-8fce7d5dcb10" daemon [_thread_blocked, id=13988, stack(0x00000081b2d00000,0x00000081b2e00000) (1024K)]
  0x000002469c42b790 JavaThread "Bundle File Closer"         daemon [_thread_blocked, id=21160, stack(0x00000081b2e00000,0x00000081b2f00000) (1024K)]
  0x000002469c4558d0 JavaThread "SCR Component Actor"        daemon [_thread_blocked, id=7716, stack(0x00000081b2f00000,0x00000081b3000000) (1024K)]
  0x000002469c4331f0 JavaThread "Worker-JM"                         [_thread_blocked, id=21604, stack(0x00000081b3000000,0x00000081b3100000) (1024K)]
  0x000002469c645a30 JavaThread "JNA Cleaner"                daemon [_thread_blocked, id=12924, stack(0x00000081b2300000,0x00000081b2400000) (1024K)]
  0x000002469c335a90 JavaThread "Worker-0: Updating Maven Dependencies"        [_thread_blocked, id=3476, stack(0x00000081b3100000,0x00000081b3200000) (1024K)]
  0x000002469c336120 JavaThread "Worker-1: Repository registry initialization"        [_thread_in_vm, id=20432, stack(0x00000081b3200000,0x00000081b3300000) (1024K)]
=>0x000002469c313dc0 JavaThread "C2 CompilerThread1"         daemon [_thread_in_native, id=7460, stack(0x00000081b3300000,0x00000081b3400000) (1024K)]
  0x000002469c3367b0 JavaThread "Java indexing"              daemon [_thread_blocked, id=8064, stack(0x00000081b3400000,0x00000081b3500000) (1024K)]
  0x000002469c334d70 JavaThread "Worker-2: Initialize After Load"        [_thread_blocked, id=15808, stack(0x00000081b3500000,0x00000081b3600000) (1024K)]
  0x000002469c336e40 JavaThread "Worker-3: Loading available Gradle versions"        [_thread_in_vm, id=2904, stack(0x00000081b3800000,0x00000081b3900000) (1024K)]
  0x000002469c3374d0 JavaThread "Worker-4"                          [_thread_blocked, id=10532, stack(0x00000081b3900000,0x00000081b3a00000) (1024K)]
  0x000002469c337b60 JavaThread "Worker-5"                          [_thread_blocked, id=2736, stack(0x00000081b3a00000,0x00000081b3b00000) (1024K)]
  0x000002469c335400 JavaThread "Thread-1"                   daemon [_thread_in_native, id=17524, stack(0x00000081b3b00000,0x00000081b3c00000) (1024K)]
  0x000002469c3346e0 JavaThread "Thread-2"                   daemon [_thread_in_native, id=20560, stack(0x00000081b3c00000,0x00000081b3d00000) (1024K)]
  0x000002469f8e74b0 JavaThread "Thread-3"                   daemon [_thread_in_native, id=7352, stack(0x00000081b3d00000,0x00000081b3e00000) (1024K)]
  0x000002469f8e7b40 JavaThread "Thread-4"                   daemon [_thread_in_native, id=18076, stack(0x00000081b3e00000,0x00000081b3f00000) (1024K)]
  0x000002469f8e9580 JavaThread "Thread-5"                   daemon [_thread_in_native, id=18008, stack(0x00000081b3f00000,0x00000081b4000000) (1024K)]
  0x000002469f8e6790 JavaThread "Thread-6"                   daemon [_thread_in_native, id=11664, stack(0x00000081b4000000,0x00000081b4100000) (1024K)]
  0x000002469f8e81d0 JavaThread "Thread-7"                   daemon [_thread_in_native, id=22392, stack(0x00000081b4100000,0x00000081b4200000) (1024K)]
  0x000002469f8e8860 JavaThread "pool-2-thread-1"                   [_thread_blocked, id=16212, stack(0x00000081b4200000,0x00000081b4300000) (1024K)]
Total: 35

Other Threads:
  0x000002463e3e1570 VMThread "VM Thread"                           [id=7072, stack(0x00000081b1900000,0x00000081b1a00000) (1024K)]
  0x000002463e33ca00 WatcherThread "VM Periodic Task Thread"        [id=17532, stack(0x00000081b1800000,0x00000081b1900000) (1024K)]
  0x000002463e4d1110 WorkerThread "GC Thread#0"                     [id=7112, stack(0x00000081b1700000,0x00000081b1800000) (1024K)]
  0x000002469771c6d0 WorkerThread "GC Thread#1"                     [id=11392, stack(0x00000081b2500000,0x00000081b2600000) (1024K)]
  0x000002469771ca70 WorkerThread "GC Thread#2"                     [id=20788, stack(0x00000081b2600000,0x00000081b2700000) (1024K)]
  0x00000246977210a0 WorkerThread "GC Thread#3"                     [id=10000, stack(0x00000081b2700000,0x00000081b2800000) (1024K)]
  0x0000024697721440 WorkerThread "GC Thread#4"                     [id=19676, stack(0x00000081b2800000,0x00000081b2900000) (1024K)]
  0x00000246977217e0 WorkerThread "GC Thread#5"                     [id=21724, stack(0x00000081b2900000,0x00000081b2a00000) (1024K)]
Total: 8

Threads with active compile tasks:
C2 CompilerThread0  4853 4332       4       jdk.internal.org.objectweb.asm.SymbolTable::addConstantUtf8Reference (101 bytes)
C2 CompilerThread1  4853 4269   !   4       org.eclipse.osgi.internal.loader.classpath.ClasspathManager::findClassImpl (328 bytes)
Total: 2

VM state: not at safepoint (normal execution)

VM Mutex/Monitor currently owned by a thread:  ([mutex/lock_event])
[0x00007ffe05cfb4f0] Metaspace_lock - owner thread: 0x000002463e4c1050

Heap address: 0x0000000080000000, size: 2048 MB, Compressed Oops mode: 32-bit

CDS archive(s) mapped at: [0x0000024655000000-0x0000024655ba0000-0x0000024655ba0000), size 12189696, SharedBaseAddress: 0x0000024655000000, ArchiveRelocationMode: 1.
Compressed class space mapped at: 0x0000024656000000-0x0000024696000000, reserved size: 1073741824
Narrow klass base: 0x0000024655000000, Narrow klass shift: 0, Narrow klass range: 0x100000000

GC Precious Log:
 CardTable entry size: 512
 CPUs: 6 total, 6 available
 Memory: 7542M
 Large Page Support: Disabled
 NUMA Support: Disabled
 Compressed Oops: Enabled (32-bit)
 Alignments: Space 512K, Generation 512K, Heap 2M
 Heap Min Capacity: 100M
 Heap Initial Capacity: 100M
 Heap Max Capacity: 2G
 Pre-touch: Disabled
 Parallel Workers: 6

Heap:
 PSYoungGen      total 24064K, used 17074K [0x00000000d5580000, 0x00000000d7200000, 0x0000000100000000)
  eden space 22528K, 69% used [0x00000000d5580000,0x00000000d64b4598,0x00000000d6b80000)
  from space 1536K, 98% used [0x00000000d6d80000,0x00000000d6ef8638,0x00000000d6f00000)
  to   space 2048K, 0% used [0x00000000d7000000,0x00000000d7000000,0x00000000d7200000)
 ParOldGen       total 68608K, used 15952K [0x0000000080000000, 0x0000000084300000, 0x00000000d5580000)
  object space 68608K, 23% used [0x0000000080000000,0x0000000080f94310,0x0000000084300000)
 Metaspace       used 33855K, committed 34880K, reserved 1114112K
  class space    used 3482K, committed 3904K, reserved 1048576K

Card table byte_map: [0x000002463de50000,0x000002463e260000] _byte_map_base: 0x000002463da50000

Marking Bits: (ParMarkBitMap*) 0x00007ffe05d02460
 Begin Bits: [0x0000024650960000, 0x0000024652960000)
 End Bits:   [0x0000024652960000, 0x0000024654960000)

Polling page: 0x000002463c4e0000

Metaspace:

Usage:
  Non-class:     29.66 MB used.
      Class:      3.40 MB used.
       Both:     33.06 MB used.

Virtual space:
  Non-class space:       64.00 MB reserved,      30.25 MB ( 47%) committed,  1 nodes.
      Class space:        1.00 GB reserved,       3.81 MB ( <1%) committed,  1 nodes.
             Both:        1.06 GB reserved,      34.06 MB (  3%) committed. 

Chunk freelists:
   Non-Class:  1.42 MB
       Class:  12.06 MB
        Both:  13.48 MB

MaxMetaspaceSize: unlimited
CompressedClassSpaceSize: 1.00 GB
Initial GC threshold: 21.00 MB
Current GC threshold: 35.00 MB
CDS: on
 - commit_granule_bytes: 65536.
 - commit_granule_words: 8192.
 - virtual_space_node_default_size: 8388608.
 - enlarge_chunks_in_place: 1.
 - use_allocation_guard: 0.


Internal statistics:

num_allocs_failed_limit: 5.
num_arena_births: 772.
num_arena_deaths: 14.
num_vsnodes_births: 2.
num_vsnodes_deaths: 0.
num_space_committed: 545.
num_space_uncommitted: 0.
num_chunks_returned_to_freelist: 19.
num_chunks_taken_from_freelist: 2234.
num_chunk_merges: 9.
num_chunk_splits: 1385.
num_chunks_enlarged: 823.
num_inconsistent_stats: 0.

CodeHeap 'non-profiled nmethods': size=120000Kb used=1994Kb max_used=1994Kb free=118005Kb
 bounds [0x0000024649180000, 0x00000246493f0000, 0x00000246506b0000]
CodeHeap 'profiled nmethods': size=120000Kb used=9086Kb max_used=9086Kb free=110913Kb
 bounds [0x00000246416b0000, 0x0000024641f90000, 0x0000024648be0000]
CodeHeap 'non-nmethods': size=5760Kb used=1355Kb max_used=1391Kb free=4404Kb
 bounds [0x0000024648be0000, 0x0000024648e50000, 0x0000024649180000]
CodeCache: size=245760Kb, used=12435Kb, max_used=12471Kb, free=233322Kb
 total_blobs=4990, nmethods=4340, adapters=556, full_count=0
Compilation: enabled, stopped_count=0, restarted_count=0

Compilation events (20 events):
Event: 4.804 Thread 0x000002463e42b080 nmethod 4318 0x000002464936cf10 code [0x000002464936d0a0, 0x000002464936d2f0]
Event: 4.804 Thread 0x000002463e42b080 4317       4       java.lang.Character::codePointAt (51 bytes)
Event: 4.805 Thread 0x000002463e42d7c0 4327       3       java.lang.Class::newReflectionData (66 bytes)
Event: 4.806 Thread 0x000002463e42d7c0 nmethod 4327 0x0000024641f89310 code [0x0000024641f89540, 0x0000024641f89d90]
Event: 4.809 Thread 0x000002463e42b080 nmethod 4317 0x000002464936d410 code [0x000002464936d5c0, 0x000002464936d790]
Event: 4.810 Thread 0x000002463e42b080 4316       4       java.util.HashMap::getOrDefault (19 bytes)
Event: 4.816 Thread 0x000002463e42d7c0 4330       1       jdk.internal.loader.AbstractClassLoaderValue$Sub::parent (5 bytes)
Event: 4.816 Thread 0x000002463e42d7c0 nmethod 4330 0x000002464936de90 code [0x000002464936e020, 0x000002464936e0e8]
Event: 4.816 Thread 0x000002463e42b080 nmethod 4316 0x000002464936e190 code [0x000002464936e360, 0x000002464936e6f8]
Event: 4.816 Thread 0x000002463e42b080 4328       4       jdk.internal.access.SharedSecrets::getJavaLangAccess (4 bytes)
Event: 4.817 Thread 0x000002463e42b080 nmethod 4328 0x000002464936ea10 code [0x000002464936eba0, 0x000002464936ec18]
Event: 4.817 Thread 0x000002463e42b080 4280   !   4       org.eclipse.osgi.internal.framework.EquinoxContainer::getServiceRegistry (17 bytes)
Event: 4.818 Thread 0x000002463e42b080 nmethod 4280 0x000002464936ed10 code [0x000002464936eea0, 0x000002464936f0a0]
Event: 4.819 Thread 0x000002463e42b080 4331       4       java.lang.reflect.Modifier::isStatic (13 bytes)
Event: 4.819 Thread 0x000002463e42b080 nmethod 4331 0x000002464936f190 code [0x000002464936f300, 0x000002464936f370]
Event: 4.819 Thread 0x000002463e42b080 4332       4       jdk.internal.org.objectweb.asm.SymbolTable::addConstantUtf8Reference (101 bytes)
Event: 4.820 Thread 0x000002463e42d7c0 4333       3       java.nio.HeapByteBuffer::getShort (29 bytes)
Event: 4.821 Thread 0x000002463e42d7c0 nmethod 4333 0x0000024641f8a090 code [0x0000024641f8a300, 0x0000024641f8acf0]
Event: 4.821 Thread 0x000002463e42d7c0 4334   !   3       jdk.internal.misc.ScopedMemoryAccess::getShortUnaligned (18 bytes)
Event: 4.821 Thread 0x000002463e42d7c0 nmethod 4334 0x0000024641f8b110 code [0x0000024641f8b300, 0x0000024641f8b828]

GC Heap History (20 events):
Event: 1.617 GC heap before
{Heap before GC invocations=3 (full 0):
 PSYoungGen      total 29696K, used 29670K [0x00000000d5580000, 0x00000000d7680000, 0x0000000100000000)
  eden space 25600K, 100% used [0x00000000d5580000,0x00000000d6e80000,0x00000000d6e80000)
  from space 4096K, 99% used [0x00000000d7280000,0x00000000d7679800,0x00000000d7680000)
  to   space 4096K, 0% used [0x00000000d6e80000,0x00000000d6e80000,0x00000000d7280000)
 ParOldGen       total 68608K, used 1504K [0x0000000080000000, 0x0000000084300000, 0x00000000d5580000)
  object space 68608K, 2% used [0x0000000080000000,0x00000000801780e0,0x0000000084300000)
 Metaspace       used 9371K, committed 9728K, reserved 1114112K
  class space    used 1007K, committed 1152K, reserved 1048576K
}
Event: 1.623 GC heap after
{Heap after GC invocations=3 (full 0):
 PSYoungGen      total 29696K, used 4088K [0x00000000d5580000, 0x00000000d7680000, 0x0000000100000000)
  eden space 25600K, 0% used [0x00000000d5580000,0x00000000d5580000,0x00000000d6e80000)
  from space 4096K, 99% used [0x00000000d6e80000,0x00000000d727e0a8,0x00000000d7280000)
  to   space 4096K, 0% used [0x00000000d7280000,0x00000000d7280000,0x00000000d7680000)
 ParOldGen       total 68608K, used 4937K [0x0000000080000000, 0x0000000084300000, 0x00000000d5580000)
  object space 68608K, 7% used [0x0000000080000000,0x00000000804d2458,0x0000000084300000)
 Metaspace       used 9371K, committed 9728K, reserved 1114112K
  class space    used 1007K, committed 1152K, reserved 1048576K
}
Event: 2.060 GC heap before
{Heap before GC invocations=4 (full 0):
 PSYoungGen      total 29696K, used 29688K [0x00000000d5580000, 0x00000000d7680000, 0x0000000100000000)
  eden space 25600K, 100% used [0x00000000d5580000,0x00000000d6e80000,0x00000000d6e80000)
  from space 4096K, 99% used [0x00000000d6e80000,0x00000000d727e0a8,0x00000000d7280000)
  to   space 4096K, 0% used [0x00000000d7280000,0x00000000d7280000,0x00000000d7680000)
 ParOldGen       total 68608K, used 4937K [0x0000000080000000, 0x0000000084300000, 0x00000000d5580000)
  object space 68608K, 7% used [0x0000000080000000,0x00000000804d2458,0x0000000084300000)
 Metaspace       used 12323K, committed 12736K, reserved 1114112K
  class space    used 1297K, committed 1472K, reserved 1048576K
}
Event: 2.065 GC heap after
{Heap after GC invocations=4 (full 0):
 PSYoungGen      total 29696K, used 4081K [0x00000000d5580000, 0x00000000d7680000, 0x0000000100000000)
  eden space 25600K, 0% used [0x00000000d5580000,0x00000000d5580000,0x00000000d6e80000)
  from space 4096K, 99% used [0x00000000d7280000,0x00000000d767c4f8,0x00000000d7680000)
  to   space 4096K, 0% used [0x00000000d6e80000,0x00000000d6e80000,0x00000000d7280000)
 ParOldGen       total 68608K, used 6607K [0x0000000080000000, 0x0000000084300000, 0x00000000d5580000)
  object space 68608K, 9% used [0x0000000080000000,0x0000000080673c80,0x0000000084300000)
 Metaspace       used 12323K, committed 12736K, reserved 1114112K
  class space    used 1297K, committed 1472K, reserved 1048576K
}
Event: 2.516 GC heap before
{Heap before GC invocations=5 (full 0):
 PSYoungGen      total 29696K, used 29681K [0x00000000d5580000, 0x00000000d7680000, 0x0000000100000000)
  eden space 25600K, 100% used [0x00000000d5580000,0x00000000d6e80000,0x00000000d6e80000)
  from space 4096K, 99% used [0x00000000d7280000,0x00000000d767c4f8,0x00000000d7680000)
  to   space 4096K, 0% used [0x00000000d6e80000,0x00000000d6e80000,0x00000000d7280000)
 ParOldGen       total 68608K, used 6607K [0x0000000080000000, 0x0000000084300000, 0x00000000d5580000)
  object space 68608K, 9% used [0x0000000080000000,0x0000000080673c80,0x0000000084300000)
 Metaspace       used 16338K, committed 16960K, reserved 1114112K
  class space    used 1690K, committed 1984K, reserved 1048576K
}
Event: 2.519 GC heap after
{Heap after GC invocations=5 (full 0):
 PSYoungGen      total 29184K, used 4071K [0x00000000d5580000, 0x00000000d7900000, 0x0000000100000000)
  eden space 25088K, 0% used [0x00000000d5580000,0x00000000d5580000,0x00000000d6e00000)
  from space 4096K, 99% used [0x00000000d6e80000,0x00000000d7279f88,0x00000000d7280000)
  to   space 5632K, 0% used [0x00000000d7380000,0x00000000d7380000,0x00000000d7900000)
 ParOldGen       total 68608K, used 7879K [0x0000000080000000, 0x0000000084300000, 0x00000000d5580000)
  object space 68608K, 11% used [0x0000000080000000,0x00000000807b1ee0,0x0000000084300000)
 Metaspace       used 16338K, committed 16960K, reserved 1114112K
  class space    used 1690K, committed 1984K, reserved 1048576K
}
Event: 3.213 GC heap before
{Heap before GC invocations=6 (full 0):
 PSYoungGen      total 29184K, used 29159K [0x00000000d5580000, 0x00000000d7900000, 0x0000000100000000)
  eden space 25088K, 100% used [0x00000000d5580000,0x00000000d6e00000,0x00000000d6e00000)
  from space 4096K, 99% used [0x00000000d6e80000,0x00000000d7279f88,0x00000000d7280000)
  to   space 5632K, 0% used [0x00000000d7380000,0x00000000d7380000,0x00000000d7900000)
 ParOldGen       total 68608K, used 7879K [0x0000000080000000, 0x0000000084300000, 0x00000000d5580000)
  object space 68608K, 11% used [0x0000000080000000,0x00000000807b1ee0,0x0000000084300000)
 Metaspace       used 19014K, committed 19776K, reserved 1114112K
  class space    used 2004K, committed 2304K, reserved 1048576K
}
Event: 3.219 GC heap after
{Heap after GC invocations=6 (full 0):
 PSYoungGen      total 29696K, used 4911K [0x00000000d5580000, 0x00000000d7880000, 0x0000000100000000)
  eden space 24576K, 0% used [0x00000000d5580000,0x00000000d5580000,0x00000000d6d80000)
  from space 5120K, 95% used [0x00000000d7380000,0x00000000d784be20,0x00000000d7880000)
  to   space 5120K, 0% used [0x00000000d6e80000,0x00000000d6e80000,0x00000000d7380000)
 ParOldGen       total 68608K, used 7887K [0x0000000080000000, 0x0000000084300000, 0x00000000d5580000)
  object space 68608K, 11% used [0x0000000080000000,0x00000000807b3ee0,0x0000000084300000)
 Metaspace       used 19014K, committed 19776K, reserved 1114112K
  class space    used 2004K, committed 2304K, reserved 1048576K
}
Event: 3.458 GC heap before
{Heap before GC invocations=7 (full 0):
 PSYoungGen      total 29696K, used 20454K [0x00000000d5580000, 0x00000000d7880000, 0x0000000100000000)
  eden space 24576K, 63% used [0x00000000d5580000,0x00000000d64add68,0x00000000d6d80000)
  from space 5120K, 95% used [0x00000000d7380000,0x00000000d784be20,0x00000000d7880000)
  to   space 5120K, 0% used [0x00000000d6e80000,0x00000000d6e80000,0x00000000d7380000)
 ParOldGen       total 68608K, used 7887K [0x0000000080000000, 0x0000000084300000, 0x00000000d5580000)
  object space 68608K, 11% used [0x0000000080000000,0x00000000807b3ee0,0x0000000084300000)
 Metaspace       used 20706K, committed 21504K, reserved 1114112K
  class space    used 2190K, committed 2560K, reserved 1048576K
}
Event: 3.463 GC heap after
{Heap after GC invocations=7 (full 0):
 PSYoungGen      total 29184K, used 4330K [0x00000000d5580000, 0x00000000d7680000, 0x0000000100000000)
  eden space 24576K, 0% used [0x00000000d5580000,0x00000000d5580000,0x00000000d6d80000)
  from space 4608K, 93% used [0x00000000d6e80000,0x00000000d72ba9a8,0x00000000d7300000)
  to   space 3584K, 0% used [0x00000000d7300000,0x00000000d7300000,0x00000000d7680000)
 ParOldGen       total 68608K, used 9017K [0x0000000080000000, 0x0000000084300000, 0x00000000d5580000)
  object space 68608K, 13% used [0x0000000080000000,0x00000000808ce780,0x0000000084300000)
 Metaspace       used 20706K, committed 21504K, reserved 1114112K
  class space    used 2190K, committed 2560K, reserved 1048576K
}
Event: 3.463 GC heap before
{Heap before GC invocations=8 (full 1):
 PSYoungGen      total 29184K, used 4330K [0x00000000d5580000, 0x00000000d7680000, 0x0000000100000000)
  eden space 24576K, 0% used [0x00000000d5580000,0x00000000d5580000,0x00000000d6d80000)
  from space 4608K, 93% used [0x00000000d6e80000,0x00000000d72ba9a8,0x00000000d7300000)
  to   space 3584K, 0% used [0x00000000d7300000,0x00000000d7300000,0x00000000d7680000)
 ParOldGen       total 68608K, used 9017K [0x0000000080000000, 0x0000000084300000, 0x00000000d5580000)
  object space 68608K, 13% used [0x0000000080000000,0x00000000808ce780,0x0000000084300000)
 Metaspace       used 20706K, committed 21504K, reserved 1114112K
  class space    used 2190K, committed 2560K, reserved 1048576K
}
Event: 3.498 GC heap after
{Heap after GC invocations=8 (full 1):
 PSYoungGen      total 29184K, used 0K [0x00000000d5580000, 0x00000000d7680000, 0x0000000100000000)
  eden space 24576K, 0% used [0x00000000d5580000,0x00000000d5580000,0x00000000d6d80000)
  from space 4608K, 0% used [0x00000000d6e80000,0x00000000d6e80000,0x00000000d7300000)
  to   space 3584K, 0% used [0x00000000d7300000,0x00000000d7300000,0x00000000d7680000)
 ParOldGen       total 68608K, used 12734K [0x0000000080000000, 0x0000000084300000, 0x00000000d5580000)
  object space 68608K, 18% used [0x0000000080000000,0x0000000080c6fb40,0x0000000084300000)
 Metaspace       used 20693K, committed 21504K, reserved 1114112K
  class space    used 2187K, committed 2560K, reserved 1048576K
}
Event: 3.718 GC heap before
{Heap before GC invocations=9 (full 1):
 PSYoungGen      total 29184K, used 24576K [0x00000000d5580000, 0x00000000d7680000, 0x0000000100000000)
  eden space 24576K, 100% used [0x00000000d5580000,0x00000000d6d80000,0x00000000d6d80000)
  from space 4608K, 0% used [0x00000000d6e80000,0x00000000d6e80000,0x00000000d7300000)
  to   space 3584K, 0% used [0x00000000d7300000,0x00000000d7300000,0x00000000d7680000)
 ParOldGen       total 68608K, used 12734K [0x0000000080000000, 0x0000000084300000, 0x00000000d5580000)
  object space 68608K, 18% used [0x0000000080000000,0x0000000080c6fb40,0x0000000084300000)
 Metaspace       used 23452K, committed 24256K, reserved 1114112K
  class space    used 2364K, committed 2688K, reserved 1048576K
}
Event: 3.719 GC heap after
{Heap after GC invocations=9 (full 1):
 PSYoungGen      total 24576K, used 410K [0x00000000d5580000, 0x00000000d7380000, 0x0000000100000000)
  eden space 24064K, 0% used [0x00000000d5580000,0x00000000d5580000,0x00000000d6d00000)
  from space 512K, 80% used [0x00000000d7300000,0x00000000d7366b00,0x00000000d7380000)
  to   space 2048K, 0% used [0x00000000d6f80000,0x00000000d6f80000,0x00000000d7180000)
 ParOldGen       total 68608K, used 12734K [0x0000000080000000, 0x0000000084300000, 0x00000000d5580000)
  object space 68608K, 18% used [0x0000000080000000,0x0000000080c6fb40,0x0000000084300000)
 Metaspace       used 23452K, committed 24256K, reserved 1114112K
  class space    used 2364K, committed 2688K, reserved 1048576K
}
Event: 4.018 GC heap before
{Heap before GC invocations=10 (full 1):
 PSYoungGen      total 24576K, used 24474K [0x00000000d5580000, 0x00000000d7380000, 0x0000000100000000)
  eden space 24064K, 100% used [0x00000000d5580000,0x00000000d6d00000,0x00000000d6d00000)
  from space 512K, 80% used [0x00000000d7300000,0x00000000d7366b00,0x00000000d7380000)
  to   space 2048K, 0% used [0x00000000d6f80000,0x00000000d6f80000,0x00000000d7180000)
 ParOldGen       total 68608K, used 12734K [0x0000000080000000, 0x0000000084300000, 0x00000000d5580000)
  object space 68608K, 18% used [0x0000000080000000,0x0000000080c6fb40,0x0000000084300000)
 Metaspace       used 26351K, committed 27200K, reserved 1114112K
  class space    used 2590K, committed 2944K, reserved 1048576K
}
Event: 4.019 GC heap after
{Heap after GC invocations=10 (full 1):
 PSYoungGen      total 25600K, used 1504K [0x00000000d5580000, 0x00000000d7380000, 0x0000000100000000)
  eden space 23552K, 0% used [0x00000000d5580000,0x00000000d5580000,0x00000000d6c80000)
  from space 2048K, 73% used [0x00000000d6f80000,0x00000000d70f83e8,0x00000000d7180000)
  to   space 2048K, 0% used [0x00000000d7180000,0x00000000d7180000,0x00000000d7380000)
 ParOldGen       total 68608K, used 13524K [0x0000000080000000, 0x0000000084300000, 0x00000000d5580000)
  object space 68608K, 19% used [0x0000000080000000,0x0000000080d35050,0x0000000084300000)
 Metaspace       used 26351K, committed 27200K, reserved 1114112K
  class space    used 2590K, committed 2944K, reserved 1048576K
}
Event: 4.370 GC heap before
{Heap before GC invocations=11 (full 1):
 PSYoungGen      total 25600K, used 25056K [0x00000000d5580000, 0x00000000d7380000, 0x0000000100000000)
  eden space 23552K, 100% used [0x00000000d5580000,0x00000000d6c80000,0x00000000d6c80000)
  from space 2048K, 73% used [0x00000000d6f80000,0x00000000d70f83e8,0x00000000d7180000)
  to   space 2048K, 0% used [0x00000000d7180000,0x00000000d7180000,0x00000000d7380000)
 ParOldGen       total 68608K, used 13524K [0x0000000080000000, 0x0000000084300000, 0x00000000d5580000)
  object space 68608K, 19% used [0x0000000080000000,0x0000000080d35050,0x0000000084300000)
 Metaspace       used 28800K, committed 29696K, reserved 1114112K
  class space    used 2814K, committed 3200K, reserved 1048576K
}
Event: 4.371 GC heap after
{Heap after GC invocations=11 (full 1):
 PSYoungGen      total 25088K, used 2019K [0x00000000d5580000, 0x00000000d7380000, 0x0000000100000000)
  eden space 23040K, 0% used [0x00000000d5580000,0x00000000d5580000,0x00000000d6c00000)
  from space 2048K, 98% used [0x00000000d7180000,0x00000000d7378f78,0x00000000d7380000)
  to   space 3072K, 0% used [0x00000000d6d80000,0x00000000d6d80000,0x00000000d7080000)
 ParOldGen       total 68608K, used 13920K [0x0000000080000000, 0x0000000084300000, 0x00000000d5580000)
  object space 68608K, 20% used [0x0000000080000000,0x0000000080d983e8,0x0000000084300000)
 Metaspace       used 28800K, committed 29696K, reserved 1114112K
  class space    used 2814K, committed 3200K, reserved 1048576K
}
Event: 4.637 GC heap before
{Heap before GC invocations=12 (full 1):
 PSYoungGen      total 25088K, used 25059K [0x00000000d5580000, 0x00000000d7380000, 0x0000000100000000)
  eden space 23040K, 99% used [0x00000000d5580000,0x00000000d6bffdb0,0x00000000d6c00000)
  from space 2048K, 98% used [0x00000000d7180000,0x00000000d7378f78,0x00000000d7380000)
  to   space 3072K, 0% used [0x00000000d6d80000,0x00000000d6d80000,0x00000000d7080000)
 ParOldGen       total 68608K, used 13920K [0x0000000080000000, 0x0000000084300000, 0x00000000d5580000)
  object space 68608K, 20% used [0x0000000080000000,0x0000000080d983e8,0x0000000084300000)
 Metaspace       used 31723K, committed 32704K, reserved 1114112K
  class space    used 3189K, committed 3584K, reserved 1048576K
}
Event: 4.640 GC heap after
{Heap after GC invocations=12 (full 1):
 PSYoungGen      total 24064K, used 1505K [0x00000000d5580000, 0x00000000d7200000, 0x0000000100000000)
  eden space 22528K, 0% used [0x00000000d5580000,0x00000000d5580000,0x00000000d6b80000)
  from space 1536K, 98% used [0x00000000d6d80000,0x00000000d6ef8638,0x00000000d6f00000)
  to   space 2048K, 0% used [0x00000000d7000000,0x00000000d7000000,0x00000000d7200000)
 ParOldGen       total 68608K, used 15952K [0x0000000080000000, 0x0000000084300000, 0x00000000d5580000)
  object space 68608K, 23% used [0x0000000080000000,0x0000000080f94310,0x0000000084300000)
 Metaspace       used 31723K, committed 32704K, reserved 1114112K
  class space    used 3189K, committed 3584K, reserved 1048576K
}

Dll operation events (10 events):
Event: 0.015 Loaded shared library c:\Users\JETT\.vscode\extensions\redhat.java-1.49.0-win32-x64\jre\21.0.9-win32-x86_64\bin\java.dll
Event: 0.094 Loaded shared library c:\Users\JETT\.vscode\extensions\redhat.java-1.49.0-win32-x64\jre\21.0.9-win32-x86_64\bin\zip.dll
Event: 0.112 Loaded shared library C:\Users\JETT\.vscode\extensions\redhat.java-1.49.0-win32-x64\jre\21.0.9-win32-x86_64\bin\instrument.dll
Event: 0.119 Loaded shared library C:\Users\JETT\.vscode\extensions\redhat.java-1.49.0-win32-x64\jre\21.0.9-win32-x86_64\bin\net.dll
Event: 0.121 Loaded shared library C:\Users\JETT\.vscode\extensions\redhat.java-1.49.0-win32-x64\jre\21.0.9-win32-x86_64\bin\nio.dll
Event: 0.125 Loaded shared library C:\Users\JETT\.vscode\extensions\redhat.java-1.49.0-win32-x64\jre\21.0.9-win32-x86_64\bin\zip.dll
Event: 0.142 Loaded shared library C:\Users\JETT\.vscode\extensions\redhat.java-1.49.0-win32-x64\jre\21.0.9-win32-x86_64\bin\jimage.dll
Event: 0.221 Loaded shared library c:\Users\JETT\.vscode\extensions\redhat.java-1.49.0-win32-x64\jre\21.0.9-win32-x86_64\bin\verify.dll
Event: 1.321 Loaded shared library C:\Users\JETT\AppData\Roaming\Code\User\globalStorage\redhat.java\1.49.0\config_win\org.eclipse.equinox.launcher\org.eclipse.equinox.launcher.win32.win32.x86_64_1.2.1400.v20250801-0854\eclipse_11916.dll
Event: 2.742 Loaded shared library C:\Users\JETT\AppData\Local\Temp\jna-2273531\jna11126133604166309704.dll

Deoptimization events (20 events):
Event: 4.526 Thread 0x000002463e4c1050 Uncommon trap: trap_request=0xffffff45 fr.pc=0x000002464933e904 relative=0x0000000000000544
Event: 4.526 Thread 0x000002469c334d70 Uncommon trap: trap_request=0xffffff45 fr.pc=0x000002464933e904 relative=0x0000000000000544
Event: 4.526 Thread 0x000002463e4c1050 Uncommon trap: reason=unstable_if action=reinterpret pc=0x000002464933e904 method=java.util.concurrent.locks.ReentrantReadWriteLock$Sync.tryAcquireShared(I)I @ 81 c2
Event: 4.526 Thread 0x000002469c334d70 Uncommon trap: reason=unstable_if action=reinterpret pc=0x000002464933e904 method=java.util.concurrent.locks.ReentrantReadWriteLock$Sync.tryAcquireShared(I)I @ 81 c2
Event: 4.526 Thread 0x000002463e4c1050 DEOPT PACKING pc=0x000002464933e904 sp=0x00000081b16f53c0
Event: 4.526 Thread 0x000002463e4c1050 DEOPT UNPACKING pc=0x0000024648c33aa2 sp=0x00000081b16f51a8 mode 2
Event: 4.526 Thread 0x000002469c334d70 DEOPT PACKING pc=0x000002464933e904 sp=0x00000081b35fa480
Event: 4.526 Thread 0x000002469c334d70 DEOPT UNPACKING pc=0x0000024648c33aa2 sp=0x00000081b35fa268 mode 2
Event: 4.526 Thread 0x000002463e4c1050 Uncommon trap: trap_request=0xffffff45 fr.pc=0x000002464932de64 relative=0x00000000000000c4
Event: 4.526 Thread 0x000002463e4c1050 Uncommon trap: reason=unstable_if action=reinterpret pc=0x000002464932de64 method=java.util.concurrent.locks.ReentrantReadWriteLock$Sync.tryReleaseShared(I)Z @ 9 c2
Event: 4.526 Thread 0x000002463e4c1050 DEOPT PACKING pc=0x000002464932de64 sp=0x00000081b16f52a0
Event: 4.526 Thread 0x000002463e4c1050 DEOPT UNPACKING pc=0x0000024648c33aa2 sp=0x00000081b16f5220 mode 2
Event: 4.526 Thread 0x000002463e4c1050 Uncommon trap: trap_request=0xffffff45 fr.pc=0x000002464932d9e8 relative=0x00000000000001c8
Event: 4.526 Thread 0x000002463e4c1050 Uncommon trap: reason=unstable_if action=reinterpret pc=0x000002464932d9e8 method=java.util.concurrent.locks.ReentrantReadWriteLock$Sync.tryAcquireShared(I)I @ 81 c2
Event: 4.526 Thread 0x000002463e4c1050 DEOPT PACKING pc=0x000002464932d9e8 sp=0x00000081b16f5300
Event: 4.527 Thread 0x000002463e4c1050 DEOPT UNPACKING pc=0x0000024648c33aa2 sp=0x00000081b16f5220 mode 2
Event: 4.563 Thread 0x000002463e4c1050 Uncommon trap: trap_request=0xffffff45 fr.pc=0x0000024649337830 relative=0x0000000000001430
Event: 4.563 Thread 0x000002463e4c1050 Uncommon trap: reason=unstable_if action=reinterpret pc=0x0000024649337830 method=java.util.Properties.loadConvert([CIILjava/lang/StringBuilder;)Ljava/lang/String; @ 477 c2
Event: 4.563 Thread 0x000002463e4c1050 DEOPT PACKING pc=0x0000024649337830 sp=0x00000081b16f9ba0
Event: 4.563 Thread 0x000002463e4c1050 DEOPT UNPACKING pc=0x0000024648c33aa2 sp=0x00000081b16f9b90 mode 2

Classes loaded (20 events):
Event: 4.790 Loading class sun/reflect/generics/repository/ConstructorRepository done
Event: 4.790 Loading class sun/reflect/generics/repository/MethodRepository done
Event: 4.790 Loading class sun/reflect/generics/tree/MethodTypeSignature
Event: 4.791 Loading class sun/reflect/generics/tree/MethodTypeSignature done
Event: 4.791 Loading class sun/reflect/generics/reflectiveObjects/ParameterizedTypeImpl
Event: 4.791 Loading class java/lang/reflect/ParameterizedType
Event: 4.791 Loading class java/lang/reflect/ParameterizedType done
Event: 4.791 Loading class sun/reflect/generics/reflectiveObjects/ParameterizedTypeImpl done
Event: 4.792 Loading class sun/reflect/generics/tree/TypeVariableSignature
Event: 4.792 Loading class sun/reflect/generics/tree/TypeVariableSignature done
Event: 4.792 Loading class sun/reflect/generics/reflectiveObjects/TypeVariableImpl
Event: 4.793 Loading class sun/reflect/generics/reflectiveObjects/LazyReflectiveObjectGenerator
Event: 4.793 Loading class sun/reflect/generics/reflectiveObjects/LazyReflectiveObjectGenerator done
Event: 4.793 Loading class sun/reflect/generics/reflectiveObjects/TypeVariableImpl done
Event: 4.801 Loading class java/math/BigDecimal
Event: 4.802 Loading class java/math/BigDecimal done
Event: 4.818 Loading class java/lang/Deprecated
Event: 4.818 Loading class java/lang/Deprecated done
Event: 4.820 Loading class jdk/internal/vm/annotation/IntrinsicCandidate
Event: 4.820 Loading class jdk/internal/vm/annotation/IntrinsicCandidate done

Classes unloaded (7 events):
Event: 3.469 Thread 0x000002463e3e1570 Unloading class 0x00000246561a9800 'java/lang/invoke/LambdaForm$MH+0x00000246561a9800'
Event: 3.469 Thread 0x000002463e3e1570 Unloading class 0x00000246561a9400 'java/lang/invoke/LambdaForm$MH+0x00000246561a9400'
Event: 3.469 Thread 0x000002463e3e1570 Unloading class 0x00000246561a9000 'java/lang/invoke/LambdaForm$MH+0x00000246561a9000'
Event: 3.469 Thread 0x000002463e3e1570 Unloading class 0x00000246561a8c00 'java/lang/invoke/LambdaForm$MH+0x00000246561a8c00'
Event: 3.469 Thread 0x000002463e3e1570 Unloading class 0x00000246561a8800 'java/lang/invoke/LambdaForm$BMH+0x00000246561a8800'
Event: 3.469 Thread 0x000002463e3e1570 Unloading class 0x00000246561a8400 'java/lang/invoke/LambdaForm$DMH+0x00000246561a8400'
Event: 3.469 Thread 0x000002463e3e1570 Unloading class 0x00000246561a3000 'java/lang/invoke/LambdaForm$DMH+0x00000246561a3000'

Classes redefined (0 events):
No events

Internal exceptions (20 events):
Event: 4.459 Thread 0x000002469c335a90 Exception <a 'java/lang/NoSuchMethodError'{0x00000000d5b56580}: 'int java.lang.invoke.DirectMethodHandle$Holder.invokeStaticInit(java.lang.Object, int, int)'> (0x00000000d5b56580) 
thrown [s\src\hotspot\share\interpreter\linkResolver.cpp, line 773]
Event: 4.460 Thread 0x000002469c335a90 Exception <a 'java/lang/NoSuchMethodError'{0x00000000d5b5df40}: 'int java.lang.invoke.DirectMethodHandle$Holder.invokeStaticInit(java.lang.Object, long, long)'> (0x00000000d5b5df40) 
thrown [s\src\hotspot\share\interpreter\linkResolver.cpp, line 773]
Event: 4.460 Thread 0x000002469c335a90 Exception <a 'java/lang/NoSuchMethodError'{0x00000000d5b64ea0}: 'int java.lang.invoke.DirectMethodHandle$Holder.invokeStaticInit(java.lang.Object, float, float)'> (0x00000000d5b64ea0) 
thrown [s\src\hotspot\share\interpreter\linkResolver.cpp, line 773]
Event: 4.461 Thread 0x000002469c335a90 Exception <a 'java/lang/NoSuchMethodError'{0x00000000d5b6be88}: 'int java.lang.invoke.DirectMethodHandle$Holder.invokeStaticInit(java.lang.Object, double, double)'> (0x00000000d5b6be88) 
thrown [s\src\hotspot\share\interpreter\linkResolver.cpp, line 773]
Event: 4.461 Thread 0x000002469c335a90 Exception <a 'java/lang/NoSuchMethodError'{0x00000000d5b70678}: 'int java.lang.invoke.DirectMethodHandle$Holder.invokeStatic(java.lang.Object, long)'> (0x00000000d5b70678) 
thrown [s\src\hotspot\share\interpreter\linkResolver.cpp, line 773]
Event: 4.465 Thread 0x000002469c336120 Exception <a 'java/lang/NoSuchMethodError'{0x00000000d5c12cc0}: 'int java.lang.invoke.Invokers$Holder.linkToTargetMethod(java.lang.Object, java.lang.Object)'> (0x00000000d5c12cc0) 
thrown [s\src\hotspot\share\interpreter\linkResolver.cpp, line 773]
Event: 4.466 Thread 0x000002469c335a90 Exception <a 'java/lang/NoSuchMethodError'{0x00000000d5c0faa0}: 'int java.lang.invoke.Invokers$Holder.linkToTargetMethod(java.lang.Object, java.lang.Object)'> (0x00000000d5c0faa0) 
thrown [s\src\hotspot\share\interpreter\linkResolver.cpp, line 773]
Event: 4.468 Thread 0x000002469c335a90 Exception <a 'java/lang/NoSuchMethodError'{0x00000000d5c1f3c8}: 'int java.lang.invoke.DirectMethodHandle$Holder.invokeSpecial(java.lang.Object, java.lang.Object, java.lang.Object, java.lang.Object)'> (0x00000000d5c1f3c8) 
thrown [s\src\hotspot\share\interpreter\linkResolver.cpp, line 773]
Event: 4.468 Thread 0x0000024697ab0c40 Exception <a 'java/lang/UnsatisfiedLinkError'{0x00000000d5bb4cc8}: The specified procedure could not be found.
> (0x00000000d5bb4cc8) 
thrown [s\src\hotspot\share\prims\jni.cpp, line 539]
Event: 4.469 Thread 0x000002469c335a90 Exception <a 'java/lang/NoSuchMethodError'{0x00000000d5c413f8}: 'java.lang.Object java.lang.invoke.DirectMethodHandle$Holder.invokeStatic(java.lang.Object, int, java.lang.Object, java.lang.Object)'> (0x00000000d5c413f8) 
thrown [s\src\hotspot\share\interpreter\linkResolver.cpp, line 773]
Event: 4.469 Thread 0x000002469c335a90 Exception <a 'java/lang/NoSuchMethodError'{0x00000000d5c48428}: 'java.lang.Object java.lang.invoke.DelegatingMethodHandle$Holder.delegate(java.lang.Object, int, java.lang.Object, java.lang.Object)'> (0x00000000d5c48428) 
thrown [s\src\hotspot\share\interpreter\linkResolver.cpp, line 773]
Event: 4.472 Thread 0x000002469c335a90 Exception <a 'java/lang/NoSuchMethodError'{0x00000000d5c74888}: 'int java.lang.invoke.Invokers$Holder.linkToTargetMethod(java.lang.Object, java.lang.Object, java.lang.Object)'> (0x00000000d5c74888) 
thrown [s\src\hotspot\share\interpreter\linkResolver.cpp, line 773]
Event: 4.473 Thread 0x0000024697ab0c40 Exception <a 'java/io/FileNotFoundException'{0x00000000d5bccab8}> (0x00000000d5bccab8) 
thrown [s\src\hotspot\share\prims\jni.cpp, line 520]
Event: 4.481 Thread 0x0000024697ab0c40 Exception <a 'java/io/FileNotFoundException'{0x00000000d5db90e0}> (0x00000000d5db90e0) 
thrown [s\src\hotspot\share\prims\jni.cpp, line 520]
Event: 4.486 Thread 0x0000024697ab0c40 Exception <a 'java/lang/UnsatisfiedLinkError'{0x00000000d5df1458}: The specified procedure could not be found.
> (0x00000000d5df1458) 
thrown [s\src\hotspot\share\prims\jni.cpp, line 539]
Event: 4.505 Thread 0x000002469c336120 Exception <a 'java/lang/NoSuchMethodError'{0x00000000d5f05d88}: 'java.lang.Object java.lang.invoke.DirectMethodHandle$Holder.invokeSpecialIFC(java.lang.Object, java.lang.Object, java.lang.Object, java.lang.Object)'> (0x00000000d5f05d88) 
thrown [s\src\hotspot\share\interpreter\linkResolver.cpp, line 773]
Event: 4.625 Thread 0x000002469c336e40 Exception <a 'java/lang/NoSuchMethodError'{0x00000000d6be9d38}: 'void java.lang.invoke.DirectMethodHandle$Holder.invokeStaticInit(java.lang.Object, java.lang.Object, java.lang.Object, java.lang.Object)'> (0x00000000d6be9d38) 
thrown [s\src\hotspot\share\interpreter\linkResolver.cpp, line 773]
Event: 4.681 Thread 0x000002463e4c1050 Exception <a 'java/lang/NoSuchMethodError'{0x00000000d583ce70}: 'java.lang.Object java.lang.invoke.DirectMethodHandle$Holder.invokeStatic(java.lang.Object, long, java.lang.Object)'> (0x00000000d583ce70) 
thrown [s\src\hotspot\share\interpreter\linkResolver.cpp, line 773]
Event: 4.683 Thread 0x000002463e4c1050 Exception <a 'java/lang/NoSuchMethodError'{0x00000000d5840508}: 'java.lang.Object java.lang.invoke.DirectMethodHandle$Holder.invokeStaticInit(java.lang.Object, long, java.lang.Object)'> (0x00000000d5840508) 
thrown [s\src\hotspot\share\interpreter\linkResolver.cpp, line 773]
Event: 4.684 Thread 0x000002463e4c1050 Exception <a 'java/lang/NoSuchMethodError'{0x00000000d5857430}: 'java.lang.Object java.lang.invoke.DirectMethodHandle$Holder.newInvokeSpecial(java.lang.Object, long)'> (0x00000000d5857430) 
thrown [s\src\hotspot\share\interpreter\linkResolver.cpp, line 773]

ZGC Phase Switch (0 events):
No events

VM Operations (20 events):
Event: 3.458 Executing VM operation: CollectForMetadataAllocation (Metadata GC Threshold)
Event: 3.498 Executing VM operation: CollectForMetadataAllocation (Metadata GC Threshold) done
Event: 3.499 Executing VM operation: CollectForMetadataAllocation (Metadata GC Threshold)
Event: 3.499 Executing VM operation: CollectForMetadataAllocation (Metadata GC Threshold) done
Event: 3.718 Executing VM operation: ParallelGCFailedAllocation (Allocation Failure)
Event: 3.719 Executing VM operation: ParallelGCFailedAllocation (Allocation Failure) done
Event: 4.017 Executing VM operation: ParallelGCFailedAllocation (Allocation Failure)
Event: 4.019 Executing VM operation: ParallelGCFailedAllocation (Allocation Failure) done
Event: 4.254 Executing VM operation: HandshakeAllThreads (Deoptimize)
Event: 4.254 Executing VM operation: HandshakeAllThreads (Deoptimize) done
Event: 4.365 Executing VM operation: HandshakeAllThreads (Deoptimize)
Event: 4.365 Executing VM operation: HandshakeAllThreads (Deoptimize) done
Event: 4.370 Executing VM operation: ParallelGCFailedAllocation (Allocation Failure)
Event: 4.371 Executing VM operation: ParallelGCFailedAllocation (Allocation Failure) done
Event: 4.393 Executing VM operation: HandshakeAllThreads (Deoptimize)
Event: 4.393 Executing VM operation: HandshakeAllThreads (Deoptimize) done
Event: 4.472 Executing VM operation: HandshakeAllThreads (Deoptimize)
Event: 4.472 Executing VM operation: HandshakeAllThreads (Deoptimize) done
Event: 4.626 Executing VM operation: ParallelGCFailedAllocation (Allocation Failure)
Event: 4.640 Executing VM operation: ParallelGCFailedAllocation (Allocation Failure) done

Memory protections (0 events):
No events

Nmethod flushes (0 events):
No events

Events (20 events):
Event: 2.747 Thread 0x0000024697b58f90 Thread exited: 0x0000024697b58f90
Event: 2.795 Thread 0x0000024697ab0c40 Thread added: 0x000002469c645a30
Event: 2.841 Thread 0x0000024697ab0c40 Thread added: 0x000002469c335a90
Event: 2.878 Thread 0x0000024697ab0c40 Thread added: 0x000002469c336120
Event: 2.985 Thread 0x000002463e42d7c0 Thread added: 0x000002469c8e78a0
Event: 4.017 Thread 0x000002469c8e78a0 Thread exited: 0x000002469c8e78a0
Event: 4.098 Thread 0x000002463e42d7c0 Thread added: 0x000002469c313dc0
Event: 4.223 Thread 0x0000024697ab0c40 Thread added: 0x000002469c3367b0
Event: 4.450 Thread 0x000002469c336120 Thread added: 0x000002469c334d70
Event: 4.498 Thread 0x000002469c334d70 Thread added: 0x000002469c336e40
Event: 4.524 Thread 0x000002469c336e40 Thread added: 0x000002469c3374d0
Event: 4.582 Thread 0x000002469c3374d0 Thread added: 0x000002469c337b60
Event: 4.696 Thread 0x000002463e4c1050 Thread added: 0x000002469c335400
Event: 4.697 Thread 0x000002463e4c1050 Thread added: 0x000002469c3346e0
Event: 4.697 Thread 0x000002463e4c1050 Thread added: 0x000002469f8e74b0
Event: 4.697 Thread 0x000002463e4c1050 Thread added: 0x000002469f8e7b40
Event: 4.697 Thread 0x000002463e4c1050 Thread added: 0x000002469f8e9580
Event: 4.697 Thread 0x000002463e4c1050 Thread added: 0x000002469f8e6790
Event: 4.697 Thread 0x000002463e4c1050 Thread added: 0x000002469f8e81d0
Event: 4.740 Thread 0x000002463e4c1050 Thread added: 0x000002469f8e8860


Dynamic libraries:
0x00007ff799a10000 - 0x00007ff799a1e000 	c:\Users\JETT\.vscode\extensions\redhat.java-1.49.0-win32-x64\jre\21.0.9-win32-x86_64\bin\java.exe
0x00007ffeb0c00000 - 0x00007ffeb0e68000 	C:\WINDOWS\SYSTEM32\ntdll.dll
0x00007ffeb0580000 - 0x00007ffeb0649000 	C:\WINDOWS\System32\KERNEL32.DLL
0x00007ffeadfc0000 - 0x00007ffeae3b8000 	C:\WINDOWS\System32\KERNELBASE.dll
0x00007ffeaaa30000 - 0x00007ffeaaacf000 	C:\WINDOWS\SYSTEM32\apphelp.dll
0x00007ffeae850000 - 0x00007ffeae99b000 	C:\WINDOWS\System32\ucrtbase.dll
0x00007ffe9c090000 - 0x00007ffe9c0a8000 	c:\Users\JETT\.vscode\extensions\redhat.java-1.49.0-win32-x64\jre\21.0.9-win32-x86_64\bin\jli.dll
0x00007ffe75870000 - 0x00007ffe7588e000 	c:\Users\JETT\.vscode\extensions\redhat.java-1.49.0-win32-x64\jre\21.0.9-win32-x86_64\bin\VCRUNTIME140.dll
0x00007ffeb0770000 - 0x00007ffeb0937000 	C:\WINDOWS\System32\USER32.dll
0x00007ffeae5f0000 - 0x00007ffeae617000 	C:\WINDOWS\System32\win32u.dll
0x00007ffe9c860000 - 0x00007ffe9caf4000 	C:\WINDOWS\WinSxS\amd64_microsoft.windows.common-controls_6595b64144ccf1df_6.0.26100.7019_none_3e06ffa0e335b8a8\COMCTL32.dll
0x00007ffeaf960000 - 0x00007ffeaf98b000 	C:\WINDOWS\System32\GDI32.dll
0x00007ffeade90000 - 0x00007ffeadfbc000 	C:\WINDOWS\System32\gdi32full.dll
0x00007ffeafd20000 - 0x00007ffeafdc9000 	C:\WINDOWS\System32\msvcrt.dll
0x00007ffeae620000 - 0x00007ffeae6c3000 	C:\WINDOWS\System32\msvcp_win.dll
0x00007ffeaff60000 - 0x00007ffeaff91000 	C:\WINDOWS\System32\IMM32.DLL
0x00007ffe76120000 - 0x00007ffe7612c000 	c:\Users\JETT\.vscode\extensions\redhat.java-1.49.0-win32-x64\jre\21.0.9-win32-x86_64\bin\vcruntime140_1.dll
0x00007ffe26730000 - 0x00007ffe267bd000 	c:\Users\JETT\.vscode\extensions\redhat.java-1.49.0-win32-x64\jre\21.0.9-win32-x86_64\bin\msvcp140.dll
0x00007ffe05040000 - 0x00007ffe05de0000 	c:\Users\JETT\.vscode\extensions\redhat.java-1.49.0-win32-x64\jre\21.0.9-win32-x86_64\bin\server\jvm.dll
0x00007ffeb04c0000 - 0x00007ffeb0574000 	C:\WINDOWS\System32\ADVAPI32.dll
0x00007ffeaeb10000 - 0x00007ffeaebb6000 	C:\WINDOWS\System32\sechost.dll
0x00007ffeb0650000 - 0x00007ffeb0768000 	C:\WINDOWS\System32\RPCRT4.dll
0x00007ffeaf8e0000 - 0x00007ffeaf954000 	C:\WINDOWS\System32\WS2_32.dll
0x00007ffeadbb0000 - 0x00007ffeadc0e000 	C:\WINDOWS\SYSTEM32\POWRPROF.dll
0x00007ffea6ec0000 - 0x00007ffea6ef5000 	C:\WINDOWS\SYSTEM32\WINMM.dll
0x00007ffea6f00000 - 0x00007ffea6f0b000 	C:\WINDOWS\SYSTEM32\VERSION.dll
0x00007ffeadb90000 - 0x00007ffeadba4000 	C:\WINDOWS\SYSTEM32\UMPDC.dll
0x00007ffeacb10000 - 0x00007ffeacb2b000 	C:\WINDOWS\SYSTEM32\kernel.appcore.dll
0x00007ffe70040000 - 0x00007ffe7004a000 	c:\Users\JETT\.vscode\extensions\redhat.java-1.49.0-win32-x64\jre\21.0.9-win32-x86_64\bin\jimage.dll
0x00007ffeab6e0000 - 0x00007ffeab922000 	C:\WINDOWS\SYSTEM32\DBGHELP.DLL
0x00007ffeaf440000 - 0x00007ffeaf7cb000 	C:\WINDOWS\System32\combase.dll
0x00007ffeafc40000 - 0x00007ffeafd17000 	C:\WINDOWS\System32\OLEAUT32.dll
0x00007ffe84680000 - 0x00007ffe846bc000 	C:\WINDOWS\SYSTEM32\dbgcore.DLL
0x00007ffeadd50000 - 0x00007ffeaddf5000 	C:\WINDOWS\System32\bcryptPrimitives.dll
0x00007ffe6f210000 - 0x00007ffe6f21f000 	c:\Users\JETT\.vscode\extensions\redhat.java-1.49.0-win32-x64\jre\21.0.9-win32-x86_64\bin\instrument.dll
0x00007ffe42e50000 - 0x00007ffe42e70000 	c:\Users\JETT\.vscode\extensions\redhat.java-1.49.0-win32-x64\jre\21.0.9-win32-x86_64\bin\java.dll
0x00007ffeaece0000 - 0x00007ffeaf42f000 	C:\WINDOWS\System32\SHELL32.dll
0x00007ffeae3c0000 - 0x00007ffeae52b000 	C:\WINDOWS\System32\wintypes.dll
0x00007ffeab960000 - 0x00007ffeac1bd000 	C:\WINDOWS\SYSTEM32\windows.storage.dll
0x00007ffeaf7e0000 - 0x00007ffeaf8d2000 	C:\WINDOWS\System32\SHCORE.dll
0x00007ffeafdd0000 - 0x00007ffeafe37000 	C:\WINDOWS\System32\shlwapi.dll
0x00007ffeadc70000 - 0x00007ffeadc99000 	C:\WINDOWS\SYSTEM32\profapi.dll
0x00007ffe3fc90000 - 0x00007ffe3fca8000 	c:\Users\JETT\.vscode\extensions\redhat.java-1.49.0-win32-x64\jre\21.0.9-win32-x86_64\bin\zip.dll
0x00007ffe6f200000 - 0x00007ffe6f210000 	C:\Users\JETT\.vscode\extensions\redhat.java-1.49.0-win32-x64\jre\21.0.9-win32-x86_64\bin\net.dll
0x00007ffea22d0000 - 0x00007ffea23f8000 	C:\WINDOWS\SYSTEM32\WINHTTP.dll
0x00007ffead080000 - 0x00007ffead0eb000 	C:\WINDOWS\system32\mswsock.dll
0x00007ffe3ea30000 - 0x00007ffe3ea46000 	C:\Users\JETT\.vscode\extensions\redhat.java-1.49.0-win32-x64\jre\21.0.9-win32-x86_64\bin\nio.dll
0x00007ffe6ea80000 - 0x00007ffe6ea90000 	c:\Users\JETT\.vscode\extensions\redhat.java-1.49.0-win32-x64\jre\21.0.9-win32-x86_64\bin\verify.dll
0x00007ffe3eae0000 - 0x00007ffe3eb24000 	C:\Users\JETT\AppData\Roaming\Code\User\globalStorage\redhat.java\1.49.0\config_win\org.eclipse.equinox.launcher\org.eclipse.equinox.launcher.win32.win32.x86_64_1.2.1400.v20250801-0854\eclipse_11916.dll
0x00007ffeaf990000 - 0x00007ffeafb27000 	C:\WINDOWS\System32\ole32.dll
0x00007ffead350000 - 0x00007ffead36b000 	C:\WINDOWS\SYSTEM32\CRYPTSP.dll
0x00007ffeaca70000 - 0x00007ffeacaaa000 	C:\WINDOWS\system32\rsaenh.dll
0x00007ffead130000 - 0x00007ffead15b000 	C:\WINDOWS\SYSTEM32\USERENV.dll
0x00007ffeadc40000 - 0x00007ffeadc6a000 	C:\WINDOWS\SYSTEM32\bcrypt.dll
0x00007ffead340000 - 0x00007ffead34c000 	C:\WINDOWS\SYSTEM32\CRYPTBASE.dll
0x00007ffeac4e0000 - 0x00007ffeac514000 	C:\WINDOWS\SYSTEM32\IPHLPAPI.DLL
0x00007ffeaff50000 - 0x00007ffeaff5a000 	C:\WINDOWS\System32\NSI.dll
0x00007ffe16e70000 - 0x00007ffe16eb9000 	C:\Users\JETT\AppData\Local\Temp\jna-2273531\jna11126133604166309704.dll
0x00007ffeaecd0000 - 0x00007ffeaecd8000 	C:\WINDOWS\System32\PSAPI.DLL
0x00007ffea2640000 - 0x00007ffea265e000 	C:\WINDOWS\SYSTEM32\dhcpcsvc6.DLL
0x00007ffea22a0000 - 0x00007ffea22c3000 	C:\WINDOWS\SYSTEM32\dhcpcsvc.DLL

JVMTI agents:
c:\Users\JETT\.vscode\extensions\redhat.java-1.49.0-win32-x64\lombok\lombok-1.18.39-4050.jar path:c:\Users\JETT\.vscode\extensions\redhat.java-1.49.0-win32-x64\jre\21.0.9-win32-x86_64\bin\instrument.dll, loaded, initialized, instrumentlib options:none

dbghelp: loaded successfully - version: 4.0.5 - missing functions: none
symbol engine: initialized successfully - sym options: 0x614 - pdb path: .;c:\Users\JETT\.vscode\extensions\redhat.java-1.49.0-win32-x64\jre\21.0.9-win32-x86_64\bin;C:\WINDOWS\SYSTEM32;C:\WINDOWS\WinSxS\amd64_microsoft.windows.common-controls_6595b64144ccf1df_6.0.26100.7019_none_3e06ffa0e335b8a8;c:\Users\JETT\.vscode\extensions\redhat.java-1.49.0-win32-x64\jre\21.0.9-win32-x86_64\bin\server;C:\Users\JETT\AppData\Roaming\Code\User\globalStorage\redhat.java\1.49.0\config_win\org.eclipse.equinox.launcher\org.eclipse.equinox.launcher.win32.win32.x86_64_1.2.1400.v20250801-0854;C:\Users\JETT\AppData\Local\Temp\jna-2273531

VM Arguments:
jvm_args: --add-modules=ALL-SYSTEM --add-opens=java.base/java.util=ALL-UNNAMED --add-opens=java.base/java.lang=ALL-UNNAMED --add-opens=java.base/sun.nio.fs=ALL-UNNAMED -Declipse.application=org.eclipse.jdt.ls.core.id1 -Dosgi.bundles.defaultStartLevel=4 -Declipse.product=org.eclipse.jdt.ls.core.product -Djava.import.generatesMetadataFilesAtProjectRoot=false -DDetectVMInstallationsJob.disabled=true -Dfile.encoding=utf8 -XX:+UseParallelGC -XX:GCTimeRatio=4 -XX:AdaptiveSizePolicyWeight=90 -Dsun.zip.disableMemoryMapping=true -Xmx2G -Xms100m -Xlog:disable -javaagent:c:\Users\JETT\.vscode\extensions\redhat.java-1.49.0-win32-x64\lombok\lombok-1.18.39-4050.jar -XX:+HeapDumpOnOutOfMemoryError -XX:HeapDumpPath=c:\Users\JETT\AppData\Roaming\Code\User\workspaceStorage\5353abae9399925f2fd4edeff7c47612\redhat.java -Daether.dependencyCollector.impl=bf 
java_command: c:\Users\JETT\.vscode\extensions\redhat.java-1.49.0-win32-x64\server\plugins\org.eclipse.equinox.launcher_1.7.100.v20251111-0406.jar -configuration c:\Users\JETT\AppData\Roaming\Code\User\globalStorage\redhat.java\1.49.0\config_win -data c:\Users\JETT\AppData\Roaming\Code\User\workspaceStorage\5353abae9399925f2fd4edeff7c47612\redhat.java\jdt_ws --pipe=\\.\pipe\lsp-4483facc3eb547f1cd6c6aaabe87c890-sock
java_class_path (initial): c:\Users\JETT\.vscode\extensions\redhat.java-1.49.0-win32-x64\server\plugins\org.eclipse.equinox.launcher_1.7.100.v20251111-0406.jar
Launcher Type: SUN_STANDARD

[Global flags]
    uintx AdaptiveSizePolicyWeight                 = 90                                        {product} {command line}
     intx CICompilerCount                          = 3                                         {product} {ergonomic}
    uintx GCTimeRatio                              = 4                                         {product} {command line}
     bool HeapDumpOnOutOfMemoryError               = true                                   {manageable} {command line}
    ccstr HeapDumpPath                             = c:\Users\JETT\AppData\Roaming\Code\User\workspaceStorage\5353abae9399925f2fd4edeff7c47612\redhat.java         {manageable} {command line}
   size_t InitialHeapSize                          = 104857600                                 {product} {command line}
   size_t MaxHeapSize                              = 2147483648                                {product} {command line}
   size_t MaxNewSize                               = 715653120                                 {product} {ergonomic}
   size_t MinHeapDeltaBytes                        = 524288                                    {product} {ergonomic}
   size_t MinHeapSize                              = 104857600                                 {product} {command line}
   size_t NewSize                                  = 34603008                                  {product} {ergonomic}
    uintx NonNMethodCodeHeapSize                   = 5832780                                {pd product} {ergonomic}
    uintx NonProfiledCodeHeapSize                  = 122912730                              {pd product} {ergonomic}
   size_t OldSize                                  = 70254592                                  {product} {ergonomic}
    uintx ProfiledCodeHeapSize                     = 122912730                              {pd product} {ergonomic}
    uintx ReservedCodeCacheSize                    = 251658240                              {pd product} {ergonomic}
     bool SegmentedCodeCache                       = true                                      {product} {ergonomic}
   size_t SoftMaxHeapSize                          = 2147483648                             {manageable} {ergonomic}
     bool UseCompressedOops                        = true                           {product lp64_product} {ergonomic}
     bool UseLargePagesIndividualAllocation        = false                                  {pd product} {ergonomic}
     bool UseParallelGC                            = true                                      {product} {command line}

Logging:
Log output configuration:
 #0: stdout all=off uptime,level,tags foldmultilines=false
 #1: stderr all=off uptime,level,tags foldmultilines=false

Release file:
JAVA_VERSION="21.0.9" 
MODULES="java.base java.compiler java.datatransfer java.xml java.prefs java.desktop java.instrument java.logging java.management java.security.sasl java.naming java.rmi java.management.rmi java.net.http java.scripting java.security.jgss java.transaction.xa java.sql java.sql.rowset java.xml.crypto java.se java.smartcardio jdk.accessibility jdk.internal.jvmstat jdk.attach jdk.charsets jdk.internal.opt jdk.zipfs jdk.compiler jdk.crypto.ec jdk.crypto.cryptoki jdk.crypto.mscapi jdk.dynalink jdk.internal.ed jdk.editpad jdk.hotspot.agent jdk.httpserver jdk.internal.le jdk.internal.vm.ci jdk.internal.vm.compiler jdk.internal.vm.compiler.management jdk.jartool jdk.javadoc jdk.jcmd jdk.management jdk.management.agent jdk.jconsole jdk.jdeps jdk.jdwp.agent jdk.jdi jdk.jfr jdk.jshell jdk.jsobject jdk.jstatd jdk.localedata jdk.management.jfr jdk.naming.dns jdk.naming.rmi jdk.net jdk.nio.mapmode jdk.random jdk.sctp jdk.security.auth jdk.security.jgss jdk.unsupported jdk.unsupported.desktop jdk.xml.dom" 

Environment Variables:
PATH=C:\Program Files\Common Files\Oracle\Java\javapath;C:\Program Files (x86)\Common Files\Oracle\Java\javapath;C:\WINDOWS\system32;C:\WINDOWS;C:\WINDOWS\System32\Wbem;C:\WINDOWS\System32\WindowsPowerShell\v1.0\;C:\WINDOWS\System32\OpenSSH\;C:\Program Files\dotnet\;C:\Program Files\nodejs\;C:\Users\JETT\AppData\Local\activestate\cache\bin;C:\Users\JETT\AppData\Local\ActiveState\StateTool\release\bin;C:\Program Files (x86)\Java\jdk1.8.0_261\bin;C:\Users\JETT\AppData\Local\Microsoft\WindowsApps;C:\Users\JETT\AppData\Local\Programs\Microsoft VS Code\bin;C:\MinGW\bin;C:\Users\JETT\AppData\Roaming\npm;C:\adb;C:\Program Files\Microsoft SQL Server\Client SDK\ODBC\110\Tools\Binn\;C:\Program Files (x86)\Microsoft SQL Server\120\Tools\Binn\;C:\Program Files\Microsoft SQL Server\120\Tools\Binn\;C:\Program Files\Microsoft SQL Server\120\DTS\Binn\;C:\Program Files (x86)\Windows Kits\8.1\Windows Performance Toolkit\;C:\ProgramData\chocolatey\bin;C:\php-8.3.12;C:\WINDOWS\system32;C:\WINDOWS;C:\WINDOWS\System32\Wbem;C:\WINDOWS\System32\WindowsPowerShell\v1.0\;C:\WINDOWS\System32\OpenSSH\;D:\php-8.4.11;C:\ProgramData\ComposerSetup\bin;C:\Program Files\Git\cmd;C:\Users\JETT\.local\bin;C:\Users\JETT\AppData\Local\Programs\Python\Python313\Scripts\;C:\Users\JETT\AppData\Local\Programs\Python\Python313\;C:\Users\JETT\AppData\Local\ActiveState\StateTool\release\bin;C:\Users\JETT\AppData\Local\activestate\cache\bin;C:\Program Files (x86)\Java\jdk1.8.0_261\bin;C:\Users\JETT\AppData\Local\Microsoft\WindowsApps;C:\MinGW\bin;C:\Users\JETT\AppData\Roaming\npm;C:\tools\dart-sdk\bin;C:\Users\JETT\AppData\Local\Pub\Cache\bin;C:\flutter;C:\flutter\flutter\bin;C:\Program Files (x86)\Nmap;C:\Users\JETT\AppData\Roaming\Composer\vendor\bin;C:\Users\JETT\AppData\Local\GitHubDesktop\bin;C:\Users\JETT\AppData\Local\Programs\Microsoft VS Code\bin
USERNAME=JETT
OS=Windows_NT
PROCESSOR_IDENTIFIER=AMD64 Family 23 Model 96 Stepping 1, AuthenticAMD
TMP=C:\Users\JETT\AppData\Local\Temp
TEMP=C:\Users\JETT\AppData\Local\Temp




Periodic native trim disabled

---------------  S Y S T E M  ---------------

OS:
 Windows 11 , 64 bit Build 26100 (10.0.26100.7019)
OS uptime: 1 days 4:07 hours
Hyper-V role detected

CPU: total 6 (initial active 6) (6 cores per cpu, 1 threads per core) family 23 model 96 stepping 1 microcode 0x8600106, cx8, cmov, fxsr, mmx, 3dnowpref, sse, sse2, sse3, ssse3, sse4a, sse4.1, sse4.2, popcnt, lzcnt, tsc, tscinvbit, avx, avx2, aes, clmul, bmi1, bmi2, adx, sha, fma, vzeroupper, clflush, clflushopt, hv, rdtscp, rdpid, f16c
Processor Information for the first 6 processors :
  Max Mhz: 2375, Current Mhz: 2375, Mhz Limit: 2375

Memory: 4k page, system-wide physical 7542M (437M free)
TotalPageFile size 16416M (AvailPageFile size 5M)
current process WorkingSet (physical memory assigned to process): 195M, peak: 197M
current process commit charge ("private bytes"): 312M, peak: 315M

vm_info: OpenJDK 64-Bit Server VM (21.0.9+10-LTS) for windows-amd64 JRE (21.0.9+10-LTS), built on 2025-10-21T00:00:00Z by "admin" with unknown MS VC++:1942

END.
