[09/11/2025 18:40:53.82] Starting RFID Listener... 
[09/11/2025 18:40:53.82] Current directory: C:\wamp64\www\entrysense\JavaListener 
[09/11/2025 18:40:54.10] All checks passed, starting RFID Listener... 
? RFID Listener Starting...
? System crash: Failed to open serial port: COM10
? Restarting in 5 seconds...
? System crash: Failed to open serial port: COM10
? Restarting in 5 seconds...
? System crash: Failed to open serial port: COM10
? Restarting in 5 seconds...
? System crash: Failed to open serial port: COM10
? Restarting in 5 seconds...
? System crash: Failed to open serial port: COM10
? Restarting in 5 seconds...
? System crash: Failed to open serial port: COM10
? Restarting in 5 seconds...
? System crash: Failed to open serial port: COM10
? Restarting in 5 seconds...
? System crash: Failed to open serial port: COM10
? Restarting in 5 seconds...
? System crash: Failed to open serial port: COM10
? Restarting in 5 seconds...
? System crash: Failed to open serial port: COM10
? Restarting in 5 seconds...
? System crash: Failed to open serial port: COM10
? Restarting in 5 seconds...
? System crash: Failed to open serial port: COM10
? Restarting in 5 seconds...
? System crash: Failed to open serial port: COM10
? Restarting in 5 seconds...
? System crash: Failed to open serial port: COM10
? Restarting in 5 seconds...
? System crash: Failed to open serial port: COM10
? Restarting in 5 seconds...
? System crash: Failed to open serial port: COM10
? Restarting in 5 seconds...
? System crash: Failed to open serial port: COM10
? Restarting in 5 seconds...
? System crash: Failed to open serial port: COM10
? Restarting in 5 seconds...
? System crash: Failed to open serial port: COM10
? Restarting in 5 seconds...
? System crash: Failed to open serial port: COM10
? Restarting in 5 seconds...
? System crash: Failed to open serial port: COM10
? Restarting in 5 seconds...
? System crash: Failed to open serial port: COM10
? Restarting in 5 seconds...
? System crash: Failed to open serial port: COM10
? Restarting in 5 seconds...
? System crash: Failed to open serial port: COM10
? Restarting in 5 seconds...
? System crash: Failed to open serial port: COM10
? Restarting in 5 seconds...
? System crash: Failed to open serial port: COM10
? Restarting in 5 seconds...
? System crash: Failed to open serial port: COM10
? Restarting in 5 seconds...
? System crash: Failed to open serial port: COM10
? Restarting in 5 seconds...
? System crash: Failed to open serial port: COM10
? Restarting in 5 seconds...
? System crash: Failed to open serial port: COM10
? Restarting in 5 seconds...
? System crash: Failed to open serial port: COM10
? Restarting in 5 seconds...
? System crash: Failed to open serial port: COM10
? Restarting in 5 seconds...
? System crash: Failed to open serial port: COM10
? Restarting in 5 seconds...
? System crash: Failed to open serial port: COM10
? Restarting in 5 seconds...
? System crash: Failed to open serial port: COM10
? Restarting in 5 seconds...
? System crash: Failed to open serial port: COM10
? Restarting in 5 seconds...
? System crash: Failed to open serial port: COM10
? Restarting in 5 seconds...
? System crash: Failed to open serial port: COM10
? Restarting in 5 seconds...
? System crash: Failed to open serial port: COM10
? Restarting in 5 seconds...
? System crash: Failed to open serial port: COM10
? Restarting in 5 seconds...
? System crash: Failed to open serial port: COM10
? Restarting in 5 seconds...
? System crash: Failed to open serial port: COM10
? Restarting in 5 seconds...
? System crash: Failed to open serial port: COM10
? Restarting in 5 seconds...
? System crash: Failed to open serial port: COM10
? Restarting in 5 seconds...
? System crash: Failed to open serial port: COM10
? Restarting in 5 seconds...
? System crash: Failed to open serial port: COM10
? Restarting in 5 seconds...
? System crash: Failed to open serial port: COM10
? Restarting in 5 seconds...
? System crash: Failed to open serial port: COM10
? Restarting in 5 seconds...
? System crash: Failed to open serial port: COM10
? Restarting in 5 seconds...
? System crash: Failed to open serial port: COM10
? Restarting in 5 seconds...
? System crash: Failed to open serial port: COM10
? Restarting in 5 seconds...
? System crash: Failed to open serial port: COM10
? Restarting in 5 seconds...
? System crash: Failed to open serial port: COM10
? Restarting in 5 seconds...
? System crash: Failed to open serial port: COM10
? Restarting in 5 seconds...
? System crash: Failed to open serial port: COM10
? Restarting in 5 seconds...
? System crash: Failed to open serial port: COM10
? Restarting in 5 seconds...
? System crash: Failed to open serial port: COM10
? Restarting in 5 seconds...
? System crash: Failed to open serial port: COM10
? Restarting in 5 seconds...
? System crash: Failed to open serial port: COM10
? Restarting in 5 seconds...
? System crash: Failed to open serial port: COM10
? Restarting in 5 seconds...
? System crash: Failed to open serial port: COM10
? Restarting in 5 seconds...
? System crash: Failed to open serial port: COM10
? Restarting in 5 seconds...
^C